// Jest Snapshot v1, https://goo.gl/fbAQLP

exports[`TreeMap component should match exact snapshot 1`] = `
<div>
  <svg
    height={120}
    width={360}
  />
</div>
`;
