// Jest Snapshot v1, https://goo.gl/fbAQLP

exports[`trackWorkAge calcLevelSalaryRate 1`] = `
Object {
  "1": 0,
  "2": 0,
  "3": 0.5911330049261084,
  "4": 0.7881773399014779,
  "5": 0.9852216748768473,
  "6": 1.1822660098522169,
  "7": 1.3793103448275863,
  "8": 1.5763546798029557,
  "9": 1.7733990147783252,
}
`;

exports[`trackWorkAge calcLevelSalaryStar 1`] = `
Object {
  "0.2": -2.5,
  "0.4": 0,
  "0.6": 1.5,
  "0.8": 2.5,
  "1": 3.5,
  "1.2": 4,
  "1.4": 4.5,
  "1.6": 5,
  "1.8": 5.5,
  "2": 6,
  "2.2": 6,
}
`;
